// Jest Snapshot v1, https://jestjs.io/docs/snapshot-testing

exports[`OpengraphImage matches the expected structure for the default card 1`] = `
<div
  style="background-color: white; width: 100%; height: 100%; display: flex; position: relative; font-family: Inter; background-image: radial-gradient(at 10px 10px, #d4d4d4, #d4d4d4 5%, white 5%); background-size: 20px 20px;"
>
  <img
    height="115"
    src="https://andremarinho.me/images/Me.jpeg"
    style="border-radius: 100%; position: absolute; left: 60px; top: 60px;"
    width="115"
  />
  <div
    style="display: flex; flex-direction: column; gap: 0.5rem; position: absolute; bottom: 140px; left: 60px; width: 65%;"
  >
    <span
      style="font-size: 5.25rem; font-weight: 700; letter-spacing: -2px; line-height: 1;"
    >
      Andr√© Marinho
    </span>
    <span
      style="font-size: 2.5rem; font-weight: 400;"
    >
      This is a description test.
    </span>
  </div>
  <div
    style="position: absolute; bottom: 60px; left: 60px; border-radius: 100px; font-family: RobotoMono; font-size: 1.75rem; line-height: 1; font-weight: 600;"
  >
    andremarinho.me
  </div>
</div>
`;
